// Vitest Snapshot v1, https://vitest.dev/guide/snapshot.html

exports[`Theme Component > should match snapshot 1`] = `
{
  "MuiAlert": {
    "styleOverrides": {
      "filled": {
        "color": "#fff",
      },
      "filledError": {
        "background": "#ef4444",
      },
      "filledInfo": {
        "background": "#0ea5e9",
      },
      "filledSuccess": {
        "background": "#12b76a",
      },
      "filledWarning": {
        "background": "#f97316",
      },
      "outlinedError": {
        "border": "1px solid #fca5a5",
        "color": "#b91c1c",
      },
      "outlinedInfo": {
        "border": "1px solid #7dd3fc",
        "color": "#0369a1",
      },
      "outlinedSuccess": {
        "border": "1px solid #6ce9a6",
        "color": "#027a48",
      },
      "outlinedWarning": {
        "border": "1px solid #fdba74",
        "color": "#c2410c",
      },
      "root": {
        "borderRadius": "12px",
      },
    },
  },
  "MuiAlertTitle": {
    "styleOverrides": {
      "root": {
        "fontWeight": 600,
      },
    },
  },
  "MuiButton": {
    "defaultProps": {
      "disableRipple": true,
      "size": "md",
      "variant": "contained",
    },
    "styleOverrides": {
      "containedError": {
        ":disabled": {
          "background": "#fecaca",
          "color": "#fff",
        },
        ":focus": {
          "boxShadow": "0px 0px 0px 4px #fee2e2",
        },
        ":hover": {
          "background": "#b91c1c",
        },
        "background": "#dc2626",
        "color": "#fff",
      },
      "containedInfo": {
        ":disabled": {
          "background": "#bae6fd",
          "color": "#fff",
        },
        ":focus": {
          "boxShadow": "0px 0px 0px 4px #e0f2fe",
        },
        ":hover": {
          "background": "#0369a1",
        },
        "background": "#0284c7",
        "color": "#fff",
      },
      "containedInherit": {
        ":disabled": {
          "background": "#e2e8f0",
          "color": "#fff",
        },
        ":focus": {
          "boxShadow": "0px 0px 0px 4px #f1f5f9",
        },
        ":hover": {
          "background": "#334155",
        },
        "background": "#475569",
        "color": "#fff",
      },
      "containedPrimary": {
        ":disabled": {
          "background": "#bfdbfe",
          "color": "#fff",
        },
        ":focus": {
          "boxShadow": "0px 0px 0px 4px #dbeafe",
        },
        ":hover": {
          "background": "#1d4ed8",
        },
        "background": "#2563eb",
        "color": "#fff",
      },
      "containedSuccess": {
        ":disabled": {
          "background": "#a6f4c5",
          "color": "#fff",
        },
        ":focus": {
          "boxShadow": "0px 0px 0px 4px #d1fadf",
        },
        ":hover": {
          "background": "#027a48",
        },
        "background": "#039855",
        "color": "#fff",
      },
      "containedWarning": {
        ":disabled": {
          "background": "#fed7aa",
          "color": "#fff",
        },
        ":focus": {
          "boxShadow": "0px 0px 0px 4px #ffedd5",
        },
        ":hover": {
          "background": "#c2410c",
        },
        "background": "#ea580c",
        "color": "#fff",
      },
      "root": {
        "& span.MuiCircularProgress-root": {
          "height": "24px !important",
          "width": "24px !important",
        },
        "&.MuiButton-size2xl": {
          "&[data-shape='icon']": {
            "& svg": {
              "width": "20px",
            },
            "height": "56px",
            "width": "56px",
          },
          "fontSize": "18px",
          "height": "60px",
          "padding": "16px 28px",
        },
        "&.MuiButton-sizeLg": {
          "&[data-shape='icon']": {
            "& svg": {
              "width": "17px",
            },
            "height": "44px",
            "width": "44px",
          },
          "fontSize": "16px",
          "height": "44px",
          "padding": "10px 18px",
        },
        "&.MuiButton-sizeMd": {
          "&[data-shape='icon']": {
            "& svg": {
              "width": "17px",
            },
            "height": "40px",
            "width": "40px",
          },
          "fontSize": "14px",
          "height": "40px",
          "padding": "10px 16px",
        },
        "&.MuiButton-sizeSm": {
          "&[data-shape='icon']": {
            "& svg": {
              "width": "17px",
            },
            "height": "36px",
            "width": "36px",
          },
          "fontSize": "14px",
          "height": "36px",
          "padding": "8px 14px",
        },
        "&.MuiButton-sizeXl": {
          "&[data-shape='icon']": {
            "& svg": {
              "width": "17px",
            },
            "height": "48px",
            "width": "48px",
          },
          "fontSize": "16px",
          "height": "48px",
          "padding": "12px 20px",
        },
        "&[data-shape='icon']": {
          "& span.MuiCircularProgress-root": {
            "height": "18px !important",
            "width": "18px !important",
          },
          "minWidth": "0px",
          "padding": "0px !important",
        },
        "borderRadius": "8px",
        "fontWeight": 600,
        "textTransform": "capitalize",
      },
      "textError": {
        ":disabled": {
          "background": "none",
          "color": "#fca5a5",
        },
        ":focus": {
          "background": "#fef2f2",
          "boxShadow": "0px 0px 0px 4px #fee2e2",
        },
        ":hover": {
          "background": "#fee2e2",
        },
        "background": "#fef2f2",
      },
      "textInfo": {
        ":disabled": {
          "background": "none",
          "color": "#7dd3fc",
        },
        ":focus": {
          "background": "#f0f9ff",
          "boxShadow": "0px 0px 0px 4px #e0f2fe",
        },
        ":hover": {
          "background": "#e0f2fe",
        },
        "background": "#f0f9ff",
      },
      "textInherit": {
        ":disabled": {
          "background": "none",
          "color": "#cbd5e1",
        },
        ":focus": {
          "background": "#f8fafc",
          "boxShadow": "0px 0px 0px 4px #f1f5f9",
        },
        ":hover": {
          "background": "#f1f5f9",
        },
        "background": "#f8fafc",
      },
      "textPrimary": {
        ":disabled": {
          "background": "none",
          "color": "#93c5fd",
        },
        ":focus": {
          "background": "#eff6ff",
          "boxShadow": "0px 0px 0px 4px #dbeafe",
        },
        ":hover": {
          "background": "#dbeafe",
        },
        "background": "#eff6ff",
      },
      "textSuccess": {
        ":disabled": {
          "background": "none",
          "color": "#6ce9a6",
        },
        ":focus": {
          "background": "#ecfdf3",
          "boxShadow": "0px 0px 0px 4px #d1fadf",
        },
        ":hover": {
          "background": "#d1fadf",
        },
        "background": "#ecfdf3",
      },
      "textWarning": {
        ":disabled": {
          "background": "none",
          "color": "#fdba74",
        },
        ":focus": {
          "background": "#fff7ed",
          "boxShadow": "0px 0px 0px 4px #ffedd5",
        },
        ":hover": {
          "background": "#ffedd5",
        },
        "background": "#fff7ed",
      },
    },
  },
  "MuiCard": {
    "styleOverrides": {
      "root": {
        "boxShadow": "0px 12px 16px -4px rgba(16, 24, 40, 0.08), 0px 4px 6px -2px rgba(16, 24, 40, 0.03)",
        "padding": "20px 16px",
      },
    },
  },
  "MuiChip": {
    "styleOverrides": {
      "colorError": {
        "&.MuiChip-filled": {
          "background": "#fef2f2",
          "color": "#b91c1c",
        },
        "&.MuiChip-outlined": {
          "borderColor": "#b91c1c",
          "color": "#b91c1c",
        },
      },
      "colorInfo": {
        "&.MuiChip-filled": {
          "background": "#f0f9ff",
          "color": "#0369a1",
        },
        "&.MuiChip-outlined": {
          "borderColor": "#0369a1",
          "color": "#0369a1",
        },
      },
      "colorSuccess": {
        "&.MuiChip-filled": {
          "background": "#ecfdf3",
          "color": "#027a48",
        },
        "&.MuiChip-outlined": {
          "borderColor": "#027a48",
          "color": "#027a48",
        },
      },
      "colorWarning": {
        "&.MuiChip-filled": {
          "background": "#fff7ed",
          "color": "#c2410c",
        },
        "&.MuiChip-outlined": {
          "borderColor": "#c2410c",
          "color": "#c2410c",
        },
      },
      "filled": {
        "background": "#f1f5f9",
        "color": "#334155",
      },
      "filledPrimary": {
        "background": "#eff6ff",
        "color": "#1d4ed8",
      },
      "outlined": {
        "borderColor": "#334155",
        "borderWidth": "2px",
        "color": "#334155",
      },
      "outlinedPrimary": {
        "borderColor": "#1d4ed8",
        "color": "#1d4ed8",
      },
      "sizeMedium": {
        "fontSize": "14px",
        "fontWeight": 500,
        "padding": "2px 0px",
      },
      "sizeSmall": {
        "fontSize": "12px",
      },
    },
  },
  "MuiCircularProgress": {
    "defaultProps": {
      "color": "inherit",
      "disableShrink": true,
    },
  },
  "MuiFormControl": {
    "defaultProps": {
      "fullWidth": true,
    },
    "styleOverrides": {
      "root": {
        "& .MuiFormHelperText-root": {
          "fontSize": "14px",
          "marginTop": "6px",
          "transform": "translate(-14px)",
        },
        "&.Mui-error": {
          "& fieldset,& fieldset:hover": {
            "border": "1px solid #fca5a5",
          },
        },
        "marginTop": "16px",
      },
    },
  },
  "MuiFormControlLabel": {
    "styleOverrides": {
      "root": {
        "&.MuiFormControlLabel-label": {
          "fontWeight": 400,
        },
      },
    },
  },
  "MuiFormLabel": {
    "styleOverrides": {
      "root": {
        "& .MuiFormLabel-asterisk": {
          "color": "#f87171",
        },
        "color": "inherit",
        "fontSize": "14px",
        "marginBottom": "4px",
      },
    },
  },
  "MuiInput": {
    "defaultProps": {
      "disableUnderline": true,
    },
    "styleOverrides": {
      "root": {
        "& svg.MuiSelect-icon": {
          "& polyline": {
            "strokeWidth": "20px",
          },
          "fontSize": "20px",
          "right": "12px",
        },
        "&.Mui-error": {
          "& svg": {
            "color": "#ef4444",
          },
          "&.Mui-focused": {
            "border": "1px solid #fca5a5",
            "boxShadow": "0px 0px 0px 3px #fee2e2",
          },
          "border": "1px solid #fca5a5",
        },
        "&.Mui-focused": {
          "border": "1px solid #93c5fd",
          "boxShadow": "0px 0px 0px 3px #dbeafe",
        },
        "&.MuiInputBase-multiline": {
          "height": "auto",
        },
        "&::placeholder": {
          "color": "#64748b",
        },
        "&:not([datatype='select-input'])": {},
        "backgroundColor": "#fff",
        "border": "1px solid #cbd5e1",
        "borderRadius": "8px",
        "height": "40px",
        "padding": "8px 12px",
        "transition": ".25s",
        "width": "100%",
      },
    },
  },
  "MuiInputBase": {
    "styleOverrides": {
      "root": {
        "&[datatype='select-input']": {
          "marginTop": "0px",
        },
      },
    },
  },
  "MuiInputLabel": {
    "defaultProps": {
      "shrink": true,
    },
    "styleOverrides": {
      "root": {
        "& .MuiFormLabel-asterisk": {
          "color": "#f87171",
        },
        "color": "inherit",
        "marginBottom": "4px",
      },
      "shrink": {
        "fontSize": "14px",
        "transform": "scale(1) translate(0px, -8px)",
      },
    },
  },
  "MuiModal": {
    "styleOverrides": {
      "root": {
        "& .btn-close": {
          "position": "absolute",
          "right": "12px",
          "top": "12px",
        },
        "& > .MuiBox-root": {
          "background": "#fff",
          "borderRadius": "12px",
          "boxShadow": "0px 24px 48px -12px rgba(16, 24, 40, 0.18)",
          "maxWidth": "900px",
          "minHeight": "100px",
          "minWidth": "320px",
          "outline": "none",
          "position": "relative",
          "width": "100%",
        },
        "alignItems": "center",
        "display": "flex",
        "justifyContent": "center",
      },
    },
  },
  "MuiPaginationItem": {
    "styleOverrides": {
      "root": {
        "&.Mui-selected": {
          "background": "#eff6ff",
          "color": "#3b82f6",
          "fontWeight": 500,
          "pointerEvents": "none",
        },
      },
    },
  },
  "MuiPaper": {
    "styleOverrides": {
      "root": {
        "&.select-dropdown": {
          "border": "1px solid #EAECF0",
          "borderRadius": "8px",
          "boxShadow": "0px 12px 16px -4px rgba(16, 24, 40, 0.08), 0px 4px 6px -2px rgba(16, 24, 40, 0.03)",
          "padding": "4px 10px",
        },
        "&.select-dropdown li.MuiMenuItem-root": {
          "&:active": {
            "backgroundColor": "#bfdbfe",
          },
          "borderRadius": "6px",
          "height": "44px",
          "padding": "0px 20px",
        },
        "&.select-dropdown li.MuiMenuItem-root[data-value=' ']": {
          "display": "none",
        },
        "&.select-dropdown ul": {
          "display": "flex",
          "flexDirection": "column",
          "gap": "4px",
        },
      },
    },
  },
  "MuiSelect": {
    "defaultProps": {
      "IconComponent": {
        "$$typeof": Symbol(react.forward_ref),
        "render": [Function],
      },
      "MenuProps": {
        "PaperProps": {
          "className": "select-dropdown",
        },
      },
      "datatype": "select-input",
      "disableUnderline": true,
      "variant": "standard",
    },
    "styleOverrides": {
      "standard": {
        ":focus": {
          "backgroundColor": "#fff",
        },
      },
    },
  },
  "MuiSnackbar": {
    "defaultProps": {
      "anchorOrigin": {
        "horizontal": "right",
        "vertical": "bottom",
      },
    },
    "styleOverrides": {
      "root": {
        "& .MuiPaper-root": {
          "background": "#fff",
          "color": "#334155",
        },
      },
    },
  },
  "MuiTableBody": {
    "styleOverrides": {
      "root": {
        "& .MuiTableRow-root .MuiTableCell-root": {
          "color": "#334155",
        },
        "& .MuiTableRow-root .MuiTableCell-root svg": {
          "width": "17px",
        },
        "&.hoverable .MuiTableRow-root:hover": {
          "& .MuiTableCell-root": {
            "color": "#0f172a",
          },
          "backgroundColor": "#f0f9ff",
          "cursor": "pointer",
        },
      },
    },
  },
  "MuiTableCell": {
    "styleOverrides": {
      "root": {
        "& .MuiIconButton-root.MuiButtonBase-root": {
          "& svg": {
            "color": "#64748b",
            "left": "50%",
            "position": "absolute",
            "top": "50%",
            "transform": "translate(-50%, -50%) scale(.9)",
          },
          "borderRadius": "4px",
          "height": "28px",
          "padding": "0",
          "width": "28px",
        },
        "& .MuiIconButton-root.MuiButtonBase-root:hover": {
          "& svg": {
            "color": "#0ea5e9",
          },
          "background": "#e0f2fe",
        },
        "& a": {
          "color": "#334155",
        },
        "borderBottom": "1px solid #e2e8f0",
        "fontSize": "14px",
        "fontWeight": 500,
        "height": "54px",
        "padding": "0px 16px",
      },
    },
  },
  "MuiTableHead": {
    "styleOverrides": {
      "root": {
        "& .MuiTableRow-root .MuiTableCell-root": {
          "borderTop": "1px solid #e2e8f0",
          "color": "#334155",
          "fontSize": "12px",
        },
      },
    },
  },
  "MuiTextField": {
    "styleOverrides": {
      "root": {
        "&.date-picker": {
          "& .MuiInputBase-root.MuiOutlinedInput-root": {
            "& button svg": {
              "& polyline": {
                "strokeWidth": "20px",
              },
              "fontSize": "20px",
              "marginRight": "6px",
            },
            "& input": {
              "paddingLeft": 0,
            },
            "&.Mui-focused": {
              "& fieldset,&:hover fieldset": {
                "border": "none",
              },
              "border": "1px solid #93c5fd",
              "boxShadow": "0px 0px 0px 3px #dbeafe",
            },
            "&::placeholder": {
              "color": "#64748b",
            },
            "&:hover fieldset": {
              "border": "1px solid #cbd5e1",
            },
            "backgroundColor": "#fff",
            "borderRadius": "8px",
            "fontSize": "16px",
            "height": "40px",
            "padding": "8px 12px",
            "transition": ".25s",
            "width": "100%",
          },
        },
      },
    },
  },
  "MuiTooltip": {
    "defaultProps": {
      "arrow": true,
      "placement": "top",
    },
    "styleOverrides": {
      "arrow": {
        "color": "#fff",
      },
      "tooltip": {
        "background": "#fff",
        "borderRadius": "8px",
        "boxShadow": "0px 12px 16px -4px rgba(16, 24, 40, 0.08), 0px 4px 6px -2px rgba(16, 24, 40, 0.03)",
        "color": "#64748b",
        "padding": "8px 12px",
      },
    },
  },
}
`;
