// Vitest Snapshot v1, https://vitest.dev/guide/snapshot.html

exports[`Theme Palette > should match snapshot 1`] = `
{
  "error": {
    "dark": "#dc2626",
    "light": "#f87171",
    "main": "#ef4444",
  },
  "grey": {
    "100": "#f1f5f9",
    "200": "#e2e8f0",
    "300": "#cbd5e1",
    "400": "#94a3b8",
    "500": "#64748b",
    "600": "#475569",
    "700": "#334155",
    "800": "#1e293b",
    "900": "#0f172a",
  },
  "info": {
    "dark": "#0284c7",
    "light": "#38bdf8",
    "main": "#0ea5e9",
  },
  "primary": {
    "dark": "#2563eb",
    "light": "#60a5fa",
    "main": "#3b82f6",
  },
  "success": {
    "dark": "#039855",
    "light": "#32d583",
    "main": "#12b76a",
  },
  "text": {
    "primary": "#334155",
    "secondary": "#64748b",
  },
  "warning": {
    "dark": "#ea580c",
    "light": "#fb923c",
    "main": "#f97316",
  },
}
`;
